#-----------------------------------------------------------
# Webtalk v2018.1 (64-bit)
# SW Build 2188600 on Wed Apr  4 18:40:38 MDT 2018
# IP Build 2185939 on Wed Apr  4 20:55:05 MDT 2018
# Start of session at: Tue Apr 16 13:13:38 2024
# Process ID: 2800
# Current directory: C:/Users/ugnjhjf/Desktop/COMP/Computer_Organization_CPU_Design/Vivado/Lab_2/ThirtyTwo_Bit_Multiplier/ThirtyTwo_Bit_Multiplier.sim/sim_1/behav/xsim
# Command line: wbtcv.exe -mode batch -source C:/Users/ugnjhjf/Desktop/COMP/Computer_Organization_CPU_Design/Vivado/Lab_2/ThirtyTwo_Bit_Multiplier/ThirtyTwo_Bit_Multiplier.sim/sim_1/behav/xsim/xsim.dir/stimuli_adder_32bit_no_sign_behav/webtalk/xsim_webtalk.tcl -notrace
# Log file: C:/Users/ugnjhjf/Desktop/COMP/Computer_Organization_CPU_Design/Vivado/Lab_2/ThirtyTwo_Bit_Multiplier/ThirtyTwo_Bit_Multiplier.sim/sim_1/behav/xsim/webtalk.log
# Journal file: C:/Users/ugnjhjf/Desktop/COMP/Computer_Organization_CPU_Design/Vivado/Lab_2/ThirtyTwo_Bit_Multiplier/ThirtyTwo_Bit_Multiplier.sim/sim_1/behav/xsim\webtalk.jou
#-----------------------------------------------------------
source C:/Users/ugnjhjf/Desktop/COMP/Computer_Organization_CPU_Design/Vivado/Lab_2/ThirtyTwo_Bit_Multiplier/ThirtyTwo_Bit_Multiplier.sim/sim_1/behav/xsim/xsim.dir/stimuli_adder_32bit_no_sign_behav/webtalk/xsim_webtalk.tcl -notrace
